Type 'Simple' (no debug info available) advised by before advice from 'AspectAdvice' (AspectAdvice.aj:8)
Type 'Simple' (no debug info available) advised by after advice from 'AspectAdvice' (AspectAdvice.aj:12)
Type 'Simple' (no debug info available) advised by afterReturning advice from 'AspectAdvice' (AspectAdvice.aj:16)
Type 'Simple' (no debug info available) advised by afterThrowing advice from 'AspectAdvice' (AspectAdvice.aj:20)
Type 'Simple' (no debug info available) advised by before advice from 'AspectAdvice' (AspectAdvice.aj:8)
Type 'Simple' (no debug info available) advised by after advice from 'AspectAdvice' (AspectAdvice.aj:12)
Type 'Simple' (no debug info available) advised by afterReturning advice from 'AspectAdvice' (AspectAdvice.aj:16)
Type 'Simple' (no debug info available) advised by afterThrowing advice from 'AspectAdvice' (AspectAdvice.aj:20)
Type 'Simple' (no debug info available) advised by around advice from 'AspectAdvice' (AspectAdvice.aj:24) [with runtime test]
Type 'Simple' (no debug info available) advised by before advice from 'AspectAdvice' (AspectAdvice.aj:8)
Type 'Simple' (no debug info available) advised by after advice from 'AspectAdvice' (AspectAdvice.aj:12)
Type 'Simple' (no debug info available) advised by afterReturning advice from 'AspectAdvice' (AspectAdvice.aj:16)
Type 'Simple' (no debug info available) advised by afterThrowing advice from 'AspectAdvice' (AspectAdvice.aj:20)
