Softening exceptions in type 'Simple' (Simple.java:15) as defined by aspect 'AspectDeclareSoft' (AspectDeclareSoft.aj:6)
Softening exceptions in type 'Simple' (Simple.java:15) as defined by aspect 'AspectDeclareSoft' (AspectDeclareSoft.aj:4)
